// Jest Snapshot v1, https://goo.gl/fbAQLP

exports[`Change text effect  should match snapshot 1`] = `
<span
  class="text-hover-effect "
  data-testid="text-hover-effect"
>
  Hello, world!
</span>
`;
